// Jest Snapshot v1, https://goo.gl/fbAQLP

exports[`Should render Header component correctly 1`] = `
<header>
  <nav>
    <NavLink
      activeClassName="header--navlink-active"
      ariaCurrent="true"
      to="/introduction"
    >
      Introduction
    </NavLink>
    <NavLink
      activeClassName="header--navlink-active"
      ariaCurrent="true"
      to="/skills"
    >
      Skills
    </NavLink>
    <NavLink
      activeClassName="header--navlink-active"
      ariaCurrent="true"
      to="/projects"
    >
      Projects
    </NavLink>
    <NavLink
      activeClassName="header--navlink-active"
      ariaCurrent="true"
      to="/contact"
    >
      Contact
    </NavLink>
  </nav>
</header>
`;
