// Jest Snapshot v1, https://goo.gl/fbAQLP

exports[`Should render LandingPage component correctly 1`] = `
<div
  className="landing"
>
  <p
    className="landing__toggle-text"
    key="0"
  >
    Creative
  </p>
  <p
    className="hidden landing__toggle-text"
    key="1"
  >
    Curious
  </p>
  <p
    className="hidden landing__toggle-text"
    key="2"
  >
    Innovative
  </p>
  <div
    className="landing__message"
  >
    <h1>
      Hey there!
    </h1>
    <h3>
      Welcome to my portfolio
    </h3>
    <Link
      className="button"
      replace={false}
      to="/introduction"
    >
      Proceed
    </Link>
  </div>
</div>
`;
